<?xml version="1.0" encoding="utf-8"?><testsuites name="pytest tests"><testsuite name="pytest" errors="0" failures="0" skipped="0" tests="124" time="8.428" timestamp="2026-09-11T04:26:45.107627+00:00" hostname="localhost"><testcase classname="tests.test_directory_and_edges" name="test_directory_configure_and_explicit_revocation" time="0.126" /><testcase classname="tests.test_directory_and_edges" name="test_invalid_directory_fails_closed[document0]" time="0.040" /><testcase classname="tests.test_directory_and_edges" name="test_invalid_directory_fails_closed[None]" time="0.042" /><testcase classname="tests.test_directory_and_edges" name="test_invalid_directory_fails_closed[document2]" time="0.038" /><testcase classname="tests.test_directory_and_edges" name="test_invalid_directory_fails_closed[document3]" time="0.038" /><testcase classname="tests.test_directory_and_edges" name="test_invalid_directory_fails_closed[document4]" time="0.040" /><testcase classname="tests.test_directory_and_edges" name="test_invalid_directory_fails_closed[document5]" time="0.039" /><testcase classname="tests.test_directory_and_edges" name="test_invalid_directory_fails_closed[document6]" time="0.038" /><testcase classname="tests.test_directory_and_edges" name="test_directory_validation_is_atomic" time="0.038" /><testcase classname="tests.test_directory_and_edges" name="test_malformed_upstream_message_is_classified[None]" time="0.001" /><testcase classname="tests.test_directory_and_edges" name="test_malformed_upstream_message_is_classified[payload1]" time="0.000" /><testcase classname="tests.test_directory_and_edges" name="test_malformed_upstream_message_is_classified[body]" time="0.001" /><testcase classname="tests.test_directory_and_edges" name="test_malformed_upstream_message_is_classified[payload3]" time="0.000" /><testcase classname="tests.test_directory_and_edges" name="test_malformed_upstream_message_is_classified[payload4]" time="0.000" /><testcase classname="tests.test_directory_and_edges" name="test_malformed_upstream_message_is_classified[payload5]" time="0.000" /><testcase classname="tests.test_directory_and_edges" name="test_malformed_upstream_message_is_classified[payload6]" time="0.000" /><testcase classname="tests.test_directory_and_edges" name="test_malformed_embedding_vectors_are_classified[None]" time="0.001" /><testcase classname="tests.test_directory_and_edges" name="test_malformed_embedding_vectors_are_classified[vectors1]" time="0.000" /><testcase classname="tests.test_directory_and_edges" name="test_malformed_embedding_vectors_are_classified[vectors2]" time="0.000" /><testcase classname="tests.test_directory_and_edges" name="test_malformed_embedding_vectors_are_classified[vectors3]" time="0.000" /><testcase classname="tests.test_directory_and_edges" name="test_malformed_embedding_vectors_are_classified[vectors4]" time="0.001" /><testcase classname="tests.test_directory_and_edges" name="test_base_url_must_be_origin[https://u:p@example.test]" time="0.001" /><testcase classname="tests.test_directory_and_edges" name="test_base_url_must_be_origin[https://example.test/path]" time="0.001" /><testcase classname="tests.test_directory_and_edges" name="test_base_url_must_be_origin[https://example.test?q=secret]" time="0.001" /><testcase classname="tests.test_directory_and_edges" name="test_base_url_must_be_origin[https://example.test#x]" time="0.001" /><testcase classname="tests.test_directory_and_edges" name="test_postgres_ddl_compiles_without_claiming_live_connection" time="0.003" /><testcase classname="tests.test_directory_and_edges" name="test_sync_failure_recorded" time="0.047" /><testcase classname="tests.test_directory_and_edges" name="test_xss_payload_stored_as_untrusted_text" time="0.070" /><testcase classname="tests.test_directory_and_edges" name="test_cli_init_configure_and_invalid_input" time="3.427" /><testcase classname="tests.test_directory_and_edges" name="test_old_history_remains_searchable_after_latest_100_sync" time="0.118" /><testcase classname="tests.test_http_mcp_auth" name="test_no_token_rejected" time="0.046" /><testcase classname="tests.test_http_mcp_auth" name="test_forged_identity_field_rejected" time="0.090" /><testcase classname="tests.test_http_mcp_auth" name="test_altered_bearer_rejected" time="0.056" /><testcase classname="tests.test_http_mcp_auth" name="test_claim_validation[exp-1]" time="0.043" /><testcase classname="tests.test_http_mcp_auth" name="test_claim_validation[aud-other]" time="0.053" /><testcase classname="tests.test_http_mcp_auth" name="test_claim_validation[iss-other]" time="0.038" /><testcase classname="tests.test_http_mcp_auth" name="test_claim_validation[nbf-9999999999]" time="0.039" /><testcase classname="tests.test_http_mcp_auth" name="test_rs256_integration_auth_and_demo_disabled" time="0.082" /><testcase classname="tests.test_http_mcp_auth" name="test_bad_integration_settings_rejected" time="0.001" /><testcase classname="tests.test_http_mcp_auth" name="test_embedding_external_cleartext_rejected" time="0.000" /><testcase classname="tests.test_http_mcp_auth" name="test_origin_dns_rebinding_and_cache" time="0.055" /><testcase classname="tests.test_http_mcp_auth" name="test_request_size_limit" time="0.049" /><testcase classname="tests.test_http_mcp_auth" name="test_mcp_init_list_call_fetch" time="0.087" /><testcase classname="tests.test_http_mcp_auth" name="test_mcp_scope_spoof_rejected" time="0.083" /><testcase classname="tests.test_http_mcp_auth" name="test_mcp_tool_error_not_raw_trace" time="0.195" /><testcase classname="tests.test_http_mcp_auth" name="test_mcp_notification_202_and_get405" time="0.054" /><testcase classname="tests.test_http_mcp_auth" name="test_mcp_parse_error_and_batch_rejection" time="0.057" /><testcase classname="tests.test_http_mcp_auth" name="test_mcp_accept_and_version_validation" time="0.055" /><testcase classname="tests.test_http_mcp_auth" name="test_real_token_file_expiry_and_permissions" time="0.003" /><testcase classname="tests.test_http_mcp_auth" name="test_demo_actions" time="0.110" /><testcase classname="tests.test_ingest" name="test_repeat_import_idempotent" time="0.048" /><testcase classname="tests.test_ingest" name="test_edit_and_no_rollback" time="0.056" /><testcase classname="tests.test_ingest" name="test_delete_removes_body_and_fetch" time="0.055" /><testcase classname="tests.test_ingest" name="test_delete_not_resurrected_by_old_event" time="0.041" /><testcase classname="tests.test_ingest" name="test_idless_requires_explicit_scope" time="0.046" /><testcase classname="tests.test_ingest" name="test_idless_replace_not_merge_duplicates" time="0.063" /><testcase classname="tests.test_ingest" name="test_old_snapshot_replace_rejected" time="0.041" /><testcase classname="tests.test_ingest" name="test_empty_snapshot_explicitly_clears_idless" time="0.057" /><testcase classname="tests.test_ingest" name="test_invalid_row_rolls_back_everything" time="0.045" /><testcase classname="tests.test_ingest" name="test_late_idless_validation_rolls_back_known_row" time="0.048" /><testcase classname="tests.test_ingest" name="test_unknown_and_direct_rooms_excluded" time="0.041" /><testcase classname="tests.test_ingest" name="test_historical_body_is_not_indexed" time="0.050" /><testcase classname="tests.test_ingest" name="test_bad_csv_rejected[a,b\n1,2\n]" time="0.046" /><testcase classname="tests.test_ingest" name="test_bad_csv_rejected[room_id,sender_id,sent_at,body,body\n]" time="0.040" /><testcase classname="tests.test_ingest" name="test_bad_csv_rejected[room_id,sender_id,sent_at,body\n101,11,100\n]" time="0.039" /><testcase classname="tests.test_ingest" name="test_bad_csv_rejected[\xff\xfe\xff]" time="0.048" /><testcase classname="tests.test_ingest" name="test_multiline_csv_preserved" time="0.052" /><testcase classname="tests.test_ingest" name="test_cp932_explicit" time="0.050" /><testcase classname="tests.test_ingest" name="test_timezone_required[2025-01-01T00:00:00]" time="0.001" /><testcase classname="tests.test_ingest" name="test_timezone_required[not-date]" time="0.001" /><testcase classname="tests.test_ingest" name="test_timezone_required[-1]" time="0.001" /><testcase classname="tests.test_ingest" name="test_timezone_required[True]" time="0.001" /><testcase classname="tests.test_ingest" name="test_timezone_equivalence" time="0.000" /><testcase classname="tests.test_ingest" name="test_reference_parsing" time="0.000" /><testcase classname="tests.test_ingest" name="test_snapshot_future_row_rejected" time="0.040" /><testcase classname="tests.test_ingest" name="test_large_csv_rejected" time="0.038" /><testcase classname="tests.test_search_acl" name="test_old_history_and_reference" time="0.049" /><testcase classname="tests.test_search_acl" name="test_same_query_different_users" time="0.056" /><testcase classname="tests.test_search_acl" name="test_fetch_and_timeline_reject_cross_room" time="0.058" /><testcase classname="tests.test_search_acl" name="test_membership_revocation_affects_fetch" time="0.054" /><testcase classname="tests.test_search_acl" name="test_allowlist_revocation" time="0.041" /><testcase classname="tests.test_search_acl" name="test_unapproved_room_cannot_be_requested" time="0.049" /><testcase classname="tests.test_search_acl" name="test_direct_and_my_never_stored" time="0.047" /><testcase classname="tests.test_search_acl" name="test_room_disabled_even_if_membership_active" time="0.047" /><testcase classname="tests.test_search_acl" name="test_tenant_boundary" time="0.051" /><testcase classname="tests.test_search_acl" name="test_sql_literal_not_execution[' OR 1=1 --]" time="0.057" /><testcase classname="tests.test_search_acl" name="test_sql_literal_not_execution[%]" time="0.050" /><testcase classname="tests.test_search_acl" name="test_sql_literal_not_execution[_]" time="0.052" /><testcase classname="tests.test_search_acl" name="test_sql_literal_not_execution['; DROP TABLE messages;--]" time="0.056" /><testcase classname="tests.test_search_acl" name="test_normalization_fullwidth" time="0.052" /><testcase classname="tests.test_search_acl" name="test_related_terms_are_labeled" time="0.048" /><testcase classname="tests.test_search_acl" name="test_vector_unconfigured_fails_not_fakes" time="0.047" /><testcase classname="tests.test_search_acl" name="test_semantic_receives_only_acl_permitted_data" time="0.045" /><testcase classname="tests.test_search_acl" name="test_revoke_while_embedding_prevents_results" time="0.046" /><testcase classname="tests.test_search_acl" name="test_acl_failure_closed" time="0.040" /><testcase classname="tests.test_search_acl" name="test_timeline_pagination" time="0.045" /><testcase classname="tests.test_search_acl" name="test_search_limits_disclosed" time="0.045" /><testcase classname="tests.test_search_acl" name="test_query_and_period_validation" time="0.037" /><testcase classname="tests.test_search_acl" name="test_audit_contains_no_query_or_body" time="0.046" /><testcase classname="tests.test_search_acl" name="test_sender_time_filter" time="0.053" /><testcase classname="tests.test_search_acl" name="test_idless_warning" time="0.045" /><testcase classname="tests.test_sync_adapters" name="test_sync_idempotent_and_edit" time="0.056" /><testcase classname="tests.test_sync_adapters" name="test_100_new_messages_warn" time="0.104" /><testcase classname="tests.test_sync_adapters" name="test_overlap_not_clear_existing_gap" time="0.147" /><testcase classname="tests.test_sync_adapters" name="test_overlap_prevents_new_gap_flag" time="0.097" /><testcase classname="tests.test_sync_adapters" name="test_204_no_records_is_valid" time="0.045" /><testcase classname="tests.test_sync_adapters" name="test_non_group_sync_rejected" time="0.042" /><testcase classname="tests.test_sync_adapters" name="test_upstream_errors_do_not_leak[401-chatwork_access_revoked]" time="0.002" /><testcase classname="tests.test_sync_adapters" name="test_upstream_errors_do_not_leak[403-chatwork_access_revoked]" time="0.001" /><testcase classname="tests.test_sync_adapters" name="test_upstream_errors_do_not_leak[429-chatwork_rate_limited]" time="0.001" /><testcase classname="tests.test_sync_adapters" name="test_upstream_errors_do_not_leak[500-chatwork_unavailable]" time="0.001" /><testcase classname="tests.test_sync_adapters" name="test_upstream_errors_do_not_leak[302-chatwork_unavailable]" time="0.001" /><testcase classname="tests.test_sync_adapters" name="test_api_force_and_oauth_header" time="0.001" /><testcase classname="tests.test_sync_adapters" name="test_live_rooms_me_binding" time="0.002" /><testcase classname="tests.test_sync_adapters" name="test_signature_raw_body_and_tamper" time="0.001" /><testcase classname="tests.test_sync_adapters" name="test_webhook_queued_once_and_processed" time="0.065" /><testcase classname="tests.test_sync_adapters" name="test_webhook_direct_not_queued" time="0.042" /><testcase classname="tests.test_sync_adapters" name="test_webhook_pending_survives_new_instance" time="0.043" /><testcase classname="tests.test_sync_adapters" name="test_embedding_real_http_contract_without_claiming_real_model" time="0.001" /><testcase classname="tests.test_sync_adapters" name="test_invalid_vectors_rejected[vectors0]" time="0.001" /><testcase classname="tests.test_sync_adapters" name="test_invalid_vectors_rejected[vectors1]" time="0.000" /><testcase classname="tests.test_sync_adapters" name="test_invalid_vectors_rejected[vectors2]" time="0.000" /><testcase classname="tests.test_sync_adapters" name="test_invalid_vectors_rejected[vectors3]" time="0.001" /><testcase classname="tests.test_sync_adapters" name="test_rrf_no_double_count" time="0.000" /></testsuite></testsuites>